<?xml version="1.0" encoding="UTF-8"?>
<testsuites>
    <testsuite name="adicionar-notícia;adicionar-notícia-com-sucesso" tests="16" failures="1" skipped="15">
        <properties>
            <property name="URI" value="/home/ailton/UFOP/TerraLAB/orquestra/frontend/frontweb/tests/features/adicionar-noticia.feature">
            </property>
        </properties>
        <testcase name="Dado que o administrador esteja na tela de adicionar notícias" classname="adicionar-notícia;adicionar-notícia-com-sucesso" time="0.00040957">
            <failure message="TypeError: Cannot read property &apos;url&apos; of undefined">TypeError: Cannot read property &apos;url&apos; of undefined
    at createWorld.&lt;anonymous&gt; (/home/ailton/UFOP/TerraLAB/orquestra/frontend/frontweb/tests/step-definitions/adicionar-noticia-steps.js:6:112)
    at processTicksAndRejections (internal/process/task_queues.js:79:11)</failure>
        </testcase>
        <testcase name="Quando o administrador preencher o campo Título da notícia com &quot;Title&quot;" classname="adicionar-notícia;adicionar-notícia-com-sucesso">
            <skipped message="">
            </skipped>
        </testcase>
        <testcase name="E o campo Título reduzido com &quot;briefTitle&quot;" classname="adicionar-notícia;adicionar-notícia-com-sucesso">
            <skipped message="">
            </skipped>
        </testcase>
        <testcase name="E o campo Breve descrição com &quot;description&quot;" classname="adicionar-notícia;adicionar-notícia-com-sucesso">
            <skipped message="">
            </skipped>
        </testcase>
        <testcase name="E o campo Imagem com &quot;black-hole.jpg&quot;" classname="adicionar-notícia;adicionar-notícia-com-sucesso">
            <skipped message="">
            </skipped>
        </testcase>
        <testcase name="E o campo Notícia com &quot;testando a aplicação&quot;" classname="adicionar-notícia;adicionar-notícia-com-sucesso">
            <skipped message="">
            </skipped>
        </testcase>
        <testcase name="E clicar no botão Visualizar notícia" classname="adicionar-notícia;adicionar-notícia-com-sucesso">
            <skipped message="">
            </skipped>
        </testcase>
        <testcase name="Então o administrador deve pré-visualizar a Imagem &quot;data:image/jpeg;base64,/9j/4AAQSkZJRgABAgAAAQABAAD/2wCEAAMBAQ&quot;" classname="adicionar-notícia;adicionar-notícia-com-sucesso">
            <skipped message="">
            </skipped>
        </testcase>
        <testcase name="E o Título &quot;Title&quot;" classname="adicionar-notícia;adicionar-notícia-com-sucesso">
            <skipped message="">
            </skipped>
        </testcase>
        <testcase name="E a Breve descrição &quot;description&quot;" classname="adicionar-notícia;adicionar-notícia-com-sucesso">
            <skipped message="">
            </skipped>
        </testcase>
        <testcase name="E o Texto da notícia &quot;testando a aplicação&quot;" classname="adicionar-notícia;adicionar-notícia-com-sucesso">
            <skipped message="">
            </skipped>
        </testcase>
        <testcase name="E o Título reduzido &quot;BRIEFTITLE&quot;" classname="adicionar-notícia;adicionar-notícia-com-sucesso">
            <skipped message="">
            </skipped>
        </testcase>
        <testcase name="Quando o administrador clicar no botão Adicionar Notícia" classname="adicionar-notícia;adicionar-notícia-com-sucesso">
            <skipped message="">
            </skipped>
        </testcase>
        <testcase name="Então o administrador deve ver a Imagem &quot;data:image/jpeg;base64,/9j/4AAQSkZJRgABAgAAAQABAAD/2wCEAAMBAQ&quot; na notíca na home" classname="adicionar-notícia;adicionar-notícia-com-sucesso">
            <skipped message="">
            </skipped>
        </testcase>
        <testcase name="E a Breve descrição &quot;BRIEFTITLE&quot; na notícia na home" classname="adicionar-notícia;adicionar-notícia-com-sucesso">
            <skipped message="">
            </skipped>
        </testcase>
        <testcase name="E a Descrição &quot;DESCRIPTION&quot; na notícia na home" classname="adicionar-notícia;adicionar-notícia-com-sucesso">
            <skipped message="">
            </skipped>
        </testcase>
    </testsuite>
    <testsuite name="adicionar-notícia;adicionar-notícia-com-falha-(sem-preencher-os-campos)" tests="3" failures="1" skipped="2">
        <properties>
            <property name="URI" value="/home/ailton/UFOP/TerraLAB/orquestra/frontend/frontweb/tests/features/adicionar-noticia.feature">
            </property>
        </properties>
        <testcase name="Dado que o administrador esteja na tela de adicionar notícias" classname="adicionar-notícia;adicionar-notícia-com-falha-(sem-preencher-os-campos)" time="0.000188207">
            <failure message="TypeError: Cannot read property &apos;url&apos; of undefined">TypeError: Cannot read property &apos;url&apos; of undefined
    at createWorld.&lt;anonymous&gt; (/home/ailton/UFOP/TerraLAB/orquestra/frontend/frontweb/tests/step-definitions/adicionar-noticia-steps.js:6:112)
    at processTicksAndRejections (internal/process/task_queues.js:79:11)</failure>
        </testcase>
        <testcase name="Quando clicar no botão Visualizar notícia" classname="adicionar-notícia;adicionar-notícia-com-falha-(sem-preencher-os-campos)">
            <skipped message="">
            </skipped>
        </testcase>
        <testcase name="Então o administrador deve permanecer na tela de adicionar notícia" classname="adicionar-notícia;adicionar-notícia-com-falha-(sem-preencher-os-campos)">
            <skipped message="">
            </skipped>
        </testcase>
    </testsuite>
</testsuites>